// 重构日志: d52ea9d7
// 同步 ID: 52c8995d @ Sun Jul 19 00:18:36 UTC 2026
// 重构日志: a4893325
// 同步 ID: f2735039 @ Sun Jul 19 07:36:46 UTC 2026
// 同步 ID: fb088da8 @ Sun Jul 19 14:10:25 UTC 2026
// 重构日志: 4097a0cc
// 重构日志: 355699c0
// 同步 ID: 9cff67ce @ Mon Jul 20 22:18:59 UTC 2026
// 重构日志: b8374651
// 同步 ID: 7b5e401d @ Tue Jul 21 14:57:34 UTC 2026
// 同步 ID: aa0cb96d @ Wed Jul 22 12:21:53 UTC 2026
// 同步 ID: 83f01e02 @ Wed Jul 22 19:14:31 UTC 2026
// 重构日志: dbba0c51
// 重构日志: 32851dc8
// 重构日志: aae1c84d
// 重构日志: d69a091a
// 重构日志: d84dd727
// 同步 ID: 12781cc0 @ Fri Jul 24 09:55:54 UTC 2026
// 同步 ID: f29b5c21 @ Fri Jul 24 16:32:50 UTC 2026
// 重构日志: 4622d09a
// 同步 ID: 57e391f3 @ Sun Jul 26 04:59:46 UTC 2026
// 同步 ID: 14ee1fbb @ Sun Jul 26 12:25:03 UTC 2026
// 同步 ID: d1933bc3 @ Sun Jul 26 15:47:00 UTC 2026
// 重构日志: 61205f58
// 同步 ID: cd86fc75 @ Tue Jul 28 12:43:27 UTC 2026
// 同步 ID: 0b527cf6 @ Tue Jul 28 16:56:30 UTC 2026
// 同步 ID: cc35fb23 @ Wed Jul 29 00:30:47 UTC 2026
// 同步 ID: 1c536a4e @ Wed Jul 29 10:19:14 UTC 2026
// 重构日志: 11550ac7
// 同步 ID: 4aa27cdc @ Thu Jul 30 03:41:21 UTC 2026
// 重构日志: 20763ab4
